✓ 登录 — 获取 token 成功
✓ 规则列表总数≥10 — 实际 14 条（随业务增长，不断言精确值）
✓ 10 条规则全部存在 — SO/PO/MO/DN/OB/PR/PP/MC/SI/PI 齐全
✓ 适用单据+字典翻译齐全 — 每条均有 bizType 和中文翻译
✓ 取号 SO — SO20260803-0001
✓ 取号 PO — PO20260803-0001
✓ 取号 MO — MO20260803-0001
✓ 取号 DN — DN20260803-0001
✓ 取号 OB — OB20260803-0001
✓ 取号 PR — PR20260803-0001
✓ 取号 PP — PP20260803-0001
✓ 取号 MC — MC20260803-0001
✓ 取号 SI — SI20260803-0001
✓ 取号 PI — PI20260803-0001
✓ 未知规则明确报错 — 编码规则 NOT_EXIST_XX 不存在，请先在【基础数据-编码规则】中配置
✓ 未自动创建垃圾规则 — 调用前 14 条 / 调用后 14 条
✓ 新增规则 — 添加成功
✓ 编辑规则 — 编辑成功
✓ 临时规则取号 — TST20260803-0001
✓ 删除规则 — 删除成功

===== 结果: 20 通过 / 0 失败 =====
