✓ 登录成功

=== 1. BOM管理 ===
✓ 1.1 BOM列表查询: code=200
✓ 1.2 新增BOM(1子项): 添加成功
✓ 1.2b 子项=父项被拦截: 第1行子项物料不能与父项物料相同
✓ 1.3 反查到新BOM ID
✓ 1.4 BOM queryById 返回1行子项: 1行
✓ 1.5 BOM产品字典翻译无乱码: ""

=== 2. 生产订单 ===
✓ 2.1 订单列表查询: code=200
✓ 2.2 新增生产订单(计划100): 添加成功
✓ 2.3 反查到新订单 ID
✓ 2.4 新订单默认草稿状态 status=1: 实际=1
✓ 2.5 新订单已完工数量=0: 实际=0

=== 3. 生产领料(表名修复验证) ===
✓ 3.1 领料列表查询(表名c_mes_生效): code=200
✓ 3.2 新增领料单(草稿订单可领料): 添加成功
⚠ [业务缺陷#STATUS-FLOW-MISSING] 领料校验要求订单=草稿(1)，与真实业务"已下达才能领料"相反，状态机未实现
✓ 3.3 反查到新领料单 ID
✓ 3.4 领料单 queryById 返回1行明细
✓ 3.5 领料日期字段 pickingDate 已对齐DDL(非pickDate)
⚠ [业务缺陷#BOM-RECON-MISSING] 领料不校验BOM子项、不限累计量：BOM外物料+超量99999仍可保存=成功(缺陷)

=== 4. 完工入库(累计校验修复验证) ===
✓ 4.1 入库列表查询(表名c_mes_生效): code=200
✓ 4.2 第一次入库60(累计60≤100): 添加成功
✓ 4.3 第二次入库60被累计校验拦截(60+60>100): 第1行累计入库量(120.0000)超过计划数量(100.0000)，历史已入库60.0000，本次入库60
✓ 4.4 第三次入库40(累计60+40=100≤100边界通过): 添加成功
✓ 4.5 达上限后再入1被拦截(100+1>100): 第1行累计入库量(101.0000)超过计划数量(100.0000)，历史已入库100.0000，本次入库1
✓ 4.6 不存在订单入库被拦截: 生产订单不存在
✓ 4.7 入库单 queryById 返回1行明细
✓ 4.8 入库日期字段 receiptDate 已对齐DDL
⚠ [业务缺陷#LEDGER-MISSING] 完工入库不写库存台账，completedQty 不回写订单（本次修复未含）

=== 5. 清理测试数据 ===
✓ 清理入库单: 2条
✓ 清理领料单: 1条
✓ 清理订单: 1条
✓ 清理BOM: 1条

========== 测试完成 ==========
通过 24 项，失败 0 项
全部测试通过 ✓
