✓ 登录成功

=== 采购申请 ===
✓ 1.1 申请列表(空): code=200
✓ 1.2 空code被拦截: 申请单号不能为空
✓ 1.3 空items被拦截: 至少需要一个申请行
✓ 1.4 新增申请: 添加成功
✓ 1.5 重复编码被拦截: 申请单号已存在
✓ 1.6 列表有数据: 5条
✓ 1.7 queryById返回明细: 1行
✓ 1.8 编辑申请: 编辑成功
✓ 1.9 删除申请: 删除成功

=== 采购订单 ===
✓ 2.1 空供应商被拦截: 供应商不能为空
✓ 2.2 新增订单(多税率): 添加成功
✓ 2.3 订单列表: code=200
✓ 2.4 交货日期<订单日期被拦截: 交货日期不能早于订单日期
✓ 2.5 订单列表查询成功
✓ 2.6 queryById返回2行明细: 2行

=== 采购入库(P0修复验证) ===
✓ 3.0 创建订单(默认草稿): 添加成功
✓ 3.0b 获取订单ID成功
✓ 3.1 P0修复-不存在订单被拦截: 关联采购订单不存在
✓ 3.2 草稿订单入库被拦截: 采购订单状态不允许入库，仅已确认或部分到货状态可入库
⚠ 3.3 状态机缺失：订单无确认/审核接口，已确认订单的入库场景无法验证
✓ 3.5 空仓库被拦截: 仓库不能为空

=== 库存台账 ===
✓ 4.1 台账列表: code=200
✓ 4.2 台账queryAll: code=200

=== 清理测试数据 ===
✓ 清理入库单: 0条
✓ 清理订单: 3条

========== 测试完成 ==========
全部测试通过 ✓
