✅ 登录成功

━━━ 链路测试: 采购订单 → 采购入库 ━━━

✅ fixture: 供应商/仓库/物料×2 就绪

Step 1: 创建订单
  ✅ 创建订单: 添加成功
  ✅ 订单已出现在列表: 
  ✅ [链路] 新订单状态=草稿(1): 实际=1

Step 2: 草稿订单入库应被拦截
  ✅ [链路] 草稿订单入库被拦截: 采购订单状态不允许入库，仅已确认或部分到货状态可入库

Step 3: 审核订单
  ✅ 审核订单: 审核成功
  ✅ [链路] 审核后订单状态=已确认(3): 实际=3

Step 4: 部分收货
  ✅ 创建入库单: 添加成功
  ✅ 入库单已出现在列表: 
  ✅ 审核入库单: 审核成功，库存已更新
  ✅ [链路] 部分收货后订单状态=部分到货(4): 实际=4
  ✅ [链路] m1已收货30: 实际=30

Step 5: 超量入库应被拦截
  ✅ [链路] 超量被拦截(累计110>100): 第1行累计入库量(110.0000)超过采购数量(100.0000)，历史已入库30.0000，本次

Step 6: 补足剩余数量
  ✅ 补足入库: 添加成功
  ✅ 审核补足入库: 审核成功，库存已更新
  ✅ [链路] 全部到货后订单状态=已到货(5): 实际=5

Step 7: 验证库存台账
  ✅ [链路] 台账有2笔入库记录: 实际=4

━━━ 清理 ━━━
✅ 清理完成

===== 链路: 订单→入库: 16 通过, 0 失败 =====
