✓ 登录 — OK
✓ 基础数据就绪 — customer=true material=true
✓ 新增订单 — id=2083996266963095553
✓ 明细金额后端重算 — amount=100
✓ 明细税额=金额×税率 — taxAmount=13
✓ 订单总额汇总 — totalAmount=100
✓ 税率缺省默认0.13 — taxRate=0.13
✓ 缺订单日期拒绝 — 订单日期不能为空
✓ 缺交货日期拒绝 — 交货日期不能为空
✓ 重复编码拒绝 — 订单编码已存在
✓ R001 空body拒绝 — Required request body is missing: public org.jeecg
✓ R003 负数单价拒绝 — 第1行单价不能为负数
✓ 列表分页查询 — 333 条
✓ 查询不存在订单提示 — 订单不存在
✓ queryAll — 333 条
✓ 编辑订单 — 编辑成功
✓ 编辑撞他人编码拒绝 — 订单编码已存在
✓ 审核(草稿→已审核) — audit
✓ 重复审核被守卫拦截 — 审核失败：订单不存在或状态已变更，请刷新后重试
✓ 下达(已审核→已下达) — release
✓ 下达后关闭被拦截(关闭仅草稿) — 关闭失败：订单不存在或状态已变更，请刷新后重试
✓ 下达后取消被拦截(取消仅草稿) — 取消失败：订单不存在或状态已变更，请刷新后重试
✓ 草稿关闭成功 — close 1→5
✓ 草稿取消成功 — cancel 1→6
✓ 非草稿删除被拦截 — 非草稿状态订单禁止delete
✓ 草稿删除成功 — delete
✓ 删除后查不到 — 订单不存在
✓ 空ids批量删除 — 无需删除
✓ 批量删除草稿 — deleteBatch
✓ R002 无token访问被拒 — code=401

===== 结果: 30 通过 / 0 失败 =====
