
===== MES 盘点单 API 测试 =====

  ✅ 登录成功

  ✅ 建仓+造料: wh=980417 mat=117761
  ✅ 期初入库 100×10 已审核

--- 场景1: 全盘创建自动快照 ---
  ✅ 创建全盘盘点单: 添加成功
  ✅ 快照明细 book=100: book=100
  ✅ 快照 actual 默认=账面: actual=100
  ✅ 快照成本=移动平均10: cost=10
  ✅ snapshotTime 已记录: 2026-08-03 03:20:01

--- 场景2: 实盘95 盘亏 ---
  ✅ 审核生成盘亏单: 审核成功：差异1行，盘亏出库单 QT-OUT20260803-0001
  ✅ 库存 100→95: qty=95
  ✅ 移动平均不变=10: avg=10
  ✅ generatedOutId 已回写: 903234

--- 场景3: 实盘98 盘盈 ---
  ✅ 审核生成盘盈单: 审核成功：差异1行，盘盈入库单 QT-IN20260803-0001
  ✅ 库存 95→98: qty=98
  ✅ generatedInId 已回写: 532993
  ✅ 盘盈入库金额=diffAmount(3×10=30): amount=30
  ✅ 盘盈入库单已审核: status=2
  ✅ 盘盈后移动平均仍不变=10: avg=10
  ✅ 已审核单编辑被拒: 当前状态不允许编辑，仅草稿状态可操作

--- 场景4: 守卫 ---
  ✅ 已审核单禁止删除: 非草稿状态盘点单禁止删除
  ✅ 草稿可删除: 删除成功

--- 场景5: 抽盘 book_qty 校验 ---
  ✅ 抽盘篡改bookQty=999被拒: 账面数量与当前库存不一致（当前:98.0000），物料ID:2083996255440117761，请刷新后重试
  ✅ 抽盘正确bookQty=98通过: 添加成功

--- 场景6: refreshItems 保留实盘数+手工成本 ---
  ✅ 刷新后book=当前库存93: book=93
  ✅ 刷新保留actualQty=96: actual=96
  ✅ 刷新保留手工成本=12: cost=12

--- 场景7: batchAudit ---
  ✅ 批量审核2条全绿: 批量审核完成 2 条： | 审核成功：差异0行（实盘=账面，无需调整） | 审核成功：差异0行（实盘=账面，无需调整）
  ✅ 两条均已审核: 2/2
  ✅ 混批(已审核+草稿)失败: 只有草稿可审核
  ✅ 草稿回滚保持status=1: status=1

--- 清理 ---
  ✅ 清理完成

===== 结果: 28 通过, 0 失败 =====
